C51 COMPILER V9.59.0.0   CLASSIFIER                                                        11/19/2018 15:27:58 PAGE 1   


C51 COMPILER V9.59.0.0, COMPILATION OF MODULE CLASSIFIER
OBJECT MODULE PLACED IN .\Objects\classifier.obj
COMPILER INVOKED BY: C:\Keil_v5\C51\BIN\C51.EXE classifier.c OPTIMIZE(8,SPEED) BROWSE DEBUG OBJECTEXTEND PRINT(.\Listing
                    -s\classifier.lst) TABS(2) OBJECT(.\Objects\classifier.obj)

line level    source

*** WARNING C500 IN LINE 1 OF classifier.c: INCORRECT LICENSE ID CODE (LIC) IN 'TOOLS.INI'
   1          #include <reg51.h>
   2          
   3          unsigned char switch_training;  // 0: training, 1: testing
   4          unsigned char switch_user;      // 0: User A, 1: User B
   5          unsigned char trainingCount;    // Counts how many times did we get measurements from the user. Starts with 
             -0.
   6          unsigned char nextChar=0; // identifies which character we expect the user to enter (index of the characte
             -r) starts with 0.
   7          unsigned char word[3] = {'.','t','i'};  // Stores the characters of the word we want to use.
   8          unsigned char TimerEntryIndex = 0;  //Initial Time at which we started Program
   9          char StartCount = 2;  //Initial Time at which we started Program 2 means not in count mode 0-1 meaning we 
             -are waiting for input
  10          bit CorrectSofar = 0;
  11          char StartTraining=0; // To Stop overflow and counter from increasing when we aren't putting input .. betw
             -een 2 runs of entering a work
  12          unsigned long TimerArray[2] = {0,0};
  13          unsigned long FirstUserData[2] = {0,0}; // should change to 9
  14          unsigned long SecondUserData[2] = {0,0}; // should change to 9
  15          unsigned long OverFlowCount;
  16          bit predict= 0;
  17          unsigned char size = 3;
  18          unsigned char numberOfTrainings = 2;
  19          sbit LED = P0^0;
  20          unsigned char bound=0;
  21          unsigned char c = 0; //To increase maximum timer delay time int bound = 0; //Changes how long LED flashes 
             -depending on user
  22          void CalculateAverage(unsigned long Values[])
  23          {
  24   1        int i =0;
  25   1        for(;i<2;i++){ //Length of array should change to 10
  26   2          if(switch_user==0){
  27   3          FirstUserData[i]+=Values[i]/2000; //Divide by the number of training should change to 5 
  28   3            Values[i] = 0; //Clear for next Count
  29   3          }
  30   2          else{
  31   3            SecondUserData[i]=Values[i]/2000;
  32   3          }
  33   2            
  34   2        }
  35   1        
  36   1        
  37   1      }
  38          void ClearTimerArray(){
  39   1        int i=0;
  40   1        for(;i<2;i++)
  41   1          TimerArray[i]=0;
  42   1      
  43   1      }
  44          
  45          void flashUserA() {
  46   1        bound = 30;
  47   1        TMOD = 0x01;
  48   1        TH0 = 0x0;
C51 COMPILER V9.59.0.0   CLASSIFIER                                                        11/19/2018 15:27:58 PAGE 2   

  49   1        TL0 = 0x0;
  50   1        TR0 = 1;
  51   1        ET0 = 1;
  52   1        EA = 1;
  53   1        while(1){
  54   2        }
  55   1      }
  56          
  57          void flashUserB(){
  58   1        bound = 5;
  59   1        TMOD = 0x01;
  60   1        TH0 = 0x0;
  61   1        TL0 = 0x0;
  62   1        TR0 = 1;
  63   1        ET0 = 1;
  64   1        EA = 1;
  65   1        while(1){
  66   2        }
  67   1      }
  68          
  69          void determineUser() {
  70   1        unsigned long dA = 0;
  71   1        unsigned long dB = 0;
  72   1        char i=0;
  73   1        for(; i<size-1; i++) {
  74   2          dA += (TimerArray[i] - FirstUserData[i])*(TimerArray[i] - FirstUserData[i]);
  75   2          dB += (TimerArray[i] - SecondUserData[i])*(TimerArray[i] - SecondUserData[i]);
  76   2        }
  77   1        
  78   1        if(dA < dB)
  79   1          flashUserA();
  80   1        else
  81   1          flashUserB();
  82   1      }
  83          
  84          void timer0_isr() interrupt 1{
  85   1        if(c == bound) {
  86   2          c = 0;
  87   2          TH0 = 0x0;
  88   2          TL0 = 0x0;
  89   2          LED = !LED;
  90   2        } else {
  91   2            c++;
  92   2            TH0 = 0x0;
  93   2            TL0 = 0x0;
  94   2        }
  95   1      }
  96          
  97          void calculateTestTime(){
  98   1        
  99   1            if(StartCount==0 &&StartTraining==1){ 
 100   2              OverFlowCount = 0;
 101   2      
 102   2            TR0 = 1;            //Start the timer
 103   2      
 104   2            while(StartCount == 0  ){
 105   3                  while(TF0 == 0);   // Wait for Timer Overflow
 106   3                  OverFlowCount++;
 107   3                  TF0 = 0;
 108   3            }       //wait till the key is released
 109   2            TR0 = 0;            //Stop the timer
 110   2            if(CorrectSofar == 1){
C51 COMPILER V9.59.0.0   CLASSIFIER                                                        11/19/2018 15:27:58 PAGE 3   

 111   3            TimerArray[TimerEntryIndex]=(((TH0 << 8) | TL0)+0x0000FFFF*OverFlowCount)/1000; //Load timer into Array
 112   3              TimerEntryIndex++;
 113   3      
 114   3            }
 115   2            else{
 116   3                  TimerEntryIndex=0;
 117   3                  ClearTimerArray();
 118   3            
 119   3            }
 120   2            if(TimerEntryIndex ==2){ // IF Reached our maximum letter
 121   3                TimerEntryIndex = 0;
 122   3                predict =1;
 123   3                //////// Call The Method that calculates the ecludien distance in here          
 124   3              
 125   3              }
 126   2            TH0 = 0;                //Reset the timer.
 127   2            TL0 = 0;  
 128   2            TF0=0;
 129   2            StartCount=0;
 130   2            OverFlowCount=0;
 131   2          } 
 132   1       
 133   1      }
 134          void CalculateTime(){
 135   1        if( switch_training){
 136   2          calculateTestTime();
 137   2        
 138   2        }
 139   1      
 140   1        if(StartCount==0 &&StartTraining==1){ 
 141   2              OverFlowCount = 0;
 142   2      
 143   2            TR0 = 1;            //Start the timer
 144   2      
 145   2            while(StartCount == 0  ){
 146   3                  while(TF0 == 0);   // Wait for Timer Overflow
 147   3                  if(CorrectSofar==1){
 148   4                  OverFlowCount++;
 149   4                  }
 150   3                  TF0 = 0;
 151   3            }       //wait till the key is released
 152   2            TR0 = 0;            //Stop the timer
 153   2            if(CorrectSofar == 1){
 154   3            TimerArray[TimerEntryIndex]=+((TH0 << 8) | TL0)+0x0000FFFF*OverFlowCount; //Load timer into Array
 155   3              TimerEntryIndex++;
 156   3      
 157   3            }
 158   2            else{
 159   3                  TimerEntryIndex=0;
 160   3                  ClearTimerArray();
 161   3            
 162   3            }
 163   2            if(TimerEntryIndex ==2){ // IF Reached our maximum letter
 164   3                TimerEntryIndex = 0;
 165   3                if(trainingCount==2) // if we finished Training for user A to be changed to 5
 166   3                {
 167   4                  trainingCount = 0; 
 168   4                  CalculateAverage(TimerArray);
 169   4                  ClearTimerArray();
 170   4                  if(!switch_user){ // If we r still in User A
 171   5                  switch_user=1; //Go to b
 172   5                  }
C51 COMPILER V9.59.0.0   CLASSIFIER                                                        11/19/2018 15:27:58 PAGE 4   

 173   4                  else{
 174   5                     switch_training = 1; // If we finished B .. go to training
 175   5                  }
 176   4                }           
 177   3              
 178   3              }
 179   2            TH0 = 0;                //Reset the timer.
 180   2            TL0 = 0;  
 181   2            TF0=0;
 182   2            StartCount=0;
 183   2            OverFlowCount=0;
 184   2          } 
 185   1      
 186   1      }
 187          
 188          void uartConfig(void) {
 189   1        
 190   1        SCON  = 0x50;     // Serial Port: Mode 1 (8 bits), use Timer 1 for baudrate, enable reception (bit 4)
 191   1        IE    = 0x90;     // enable global interrupt and serial receive interrupt
 192   1        
 193   1        // Baudrate = 2400 (bits/second ?) => 240 characters per second
 194   1        // Fosc     = 12 MHz
 195   1        
 196   1        // Baudrate = Fosc / (N * (256 ? TH1))
 197   1        // For (SMOD1 = 0) N = 384 : TH1 = 242.979 => 243 = 0xF3  <- We'll use this value
 198   1        // For (SMOD1 = 1) N = 192 : TH1 = 229.958 => 230 = 0xE6
 199   1        
 200   1        PCON &= 0x7F;     // set SMOD1 in PCON to 0..
 201   1                          // Tells that we are using N = 384.
 202   1                          // What does it mean? I don't know xD
 203   1        
 204   1        TMOD |= 0x21;     // timer 1, mode 2, 8-bit reload , timer 0 for counting
 205   1        TH1   = 0xF3;     // baud rate: reload value for 2400 baud @ 12MHz (to change?)
 206   1        TR1   = 1;        // start timer 1
 207   1        TL0 = 0x00;              //Initialise TIMER0 in 16 bit mode 
 208   1        TH0 = 0x00;
 209   1      }
 210          
 211          
 212          void decide(unsigned char received){
 213   1        int idx;
 214   1        for(idx = 0; idx<3; idx++)
 215   1        {
 216   2          if(word[idx] == received){
 217   3            CorrectSofar = 0;
 218   3            break;
 219   3          }
 220   2        }
 221   1        // wrong character
 222   1        if(idx != nextChar)
 223   1        {
 224   2          nextChar = 0;
 225   2          StartCount=2; //Reset Count
 226   2          CorrectSofar = 0;
 227   2          TimerArray[0]=0;
 228   2          TimerArray[1]=0;
 229   2          TimerEntryIndex=0;
 230   2          trainingCount=0;
 231   2          //printf("%s","type the word again please");
 232   2          return;
 233   2        }
 234   1        // calculate the flight time between this character and the previous one
C51 COMPILER V9.59.0.0   CLASSIFIER                                                        11/19/2018 15:27:58 PAGE 5   

 235   1        CorrectSofar = 1;
 236   1          StartCount=1; 
 237   1          StartTraining =1 ; //Stop when we finished one work for one user
 238   1      
 239   1        if(!switch_training){
 240   2          
 241   2        
 242   2          //calculateTrainTime(); // Called in MainMethod
 243   2        } else {
 244   2          calculateTestTime();
 245   2        }
 246   1        
 247   1        nextChar++;
 248   1        if(nextChar==1){
 249   2          StartCount=0;
 250   2        }
 251   1        // if we reach the last char 
 252   1        // increment the training count if it is training phase
 253   1        // call predict if we are in the testing phase
 254   1        if(nextChar == 3){ //Should Change to 10
 255   2          nextChar = 0;
 256   2          StartTraining =0 ; //Stop when we finished one work for one user
 257   2          if(!switch_training){
 258   3            trainingCount++;
 259   3            
 260   3          }
 261   2          else{
 262   3            //predict();
 263   3            return;
 264   3          } 
 265   2        }
 266   1        //finalizing training after 5 inputs for the word
 267   1        if(trainingCount == 2){
 268   2          //runTraining();
 269   2          //trainingCount = 0;
 270   2          nextChar = 0;
 271   2          StartTraining = 0 ; //Stop when we finished a training for one user
 272   2      
 273   2          
 274   2        }
 275   1        
 276   1      }
 277          
 278          
 279          void receive() interrupt 4 {
 280   1        unsigned char received = SBUF;
 281   1         RI = 0;
 282   1         StartCount =1;
 283   1      
 284   1        decide(received);
 285   1      }
 286          
 287          
 288          
 289          
 290          void main() {
 291   1        
 292   1      
 293   1        
 294   1        uartConfig();
 295   1        
 296   1        while(1)
C51 COMPILER V9.59.0.0   CLASSIFIER                                                        11/19/2018 15:27:58 PAGE 6   

 297   1        {
 298   2          CalculateTime();
 299   2          if(predict){
 300   3            determineUser();
 301   3            break;
 302   3          }
 303   2            
 304   2        }
 305   1        
 306   1      }


MODULE INFORMATION:   STATIC OVERLAYABLE
   CODE SIZE        =   1246    ----
   CONSTANT SIZE    =   ----    ----
   XDATA SIZE       =   ----    ----
   PDATA SIZE       =   ----    ----
   DATA SIZE        =     42      14
   IDATA SIZE       =   ----    ----
   BIT SIZE         =      2    ----
END OF MODULE INFORMATION.


C51 COMPILATION COMPLETE.  1 WARNING(S),  0 ERROR(S)
